// Jest Snapshot v1, https://goo.gl/fbAQLP

exports[`LinkListItem renders the link list item 1`] = `
<li
  className="list-group-item"
>
  <a
    href=""
    target="_blank"
  >
    
  </a>
</li>
`;
