<!DOCTYPE html>
<html lang="en">
<head>
    <meta charset="utf-8">
    <meta http-equiv="X-UA-Compatible" content="IE=edge">
    <meta name="viewport" content="width=device-width, initial-scale=1">

    <!-- CSRF Token -->
    
    <link rel="shortcut icon" href="/favicon.ico" type="image/x-icon">
    <link rel="icon" href="/favicon.ico" type="image/x-icon">

    <title>Laravel</title>

    <!-- Styles -->
    <link href="http://localhost/css/app.css" rel="stylesheet">
</head>
<body>
    <div id="app">
        <nav class="navbar navbar-default navbar-static-top">
            <div class="container">
                <div class="navbar-header">

                    <!-- Collapsed Hamburger -->
                    <button type="button" class="navbar-toggle collapsed" data-toggle="collapse" data-target="#app-navbar-collapse" aria-expanded="false">
                        <span class="sr-only">Toggle Navigation</span>
                        <span class="icon-bar"></span>
                        <span class="icon-bar"></span>
                        <span class="icon-bar"></span>
                    </button>

                    <!-- Branding Image -->
                    <a class="navbar-brand" href="http://localhost">
                        Laravel
                    </a>
                </div>

                <div class="collapse navbar-collapse" id="app-navbar-collapse">
                    <!-- Left Side Of Navbar -->
                    <ul class="nav navbar-nav">
                        &nbsp;
                    </ul>

                    <!-- Right Side Of Navbar -->
                    <ul class="nav navbar-nav navbar-right">
                        <!-- Authentication Links -->
                                                    <li><a href="http://localhost/login">Login</a></li>
                            <li><a href="http://localhost/register">Register</a></li>
                                            </ul>
                </div>
            </div>
        </nav>

        <div class="container">
    <div class="row">
        <div class="col-md-8 col-md-offset-2">
            <div class="panel panel-default">
                <div class="panel-heading">Login</div>

                <div class="panel-body">
                    <form class="form-horizontal" method="POST" action="http://localhost/login">
                        

                        <div class="form-group">
                            <label for="email" class="col-md-4 control-label">E-Mail Address</label>

                            <div class="col-md-6">
                                <input id="email" type="email" class="form-control" name="email" value="" required autofocus>

                                                            </div>
                        </div>

                        <div class="form-group">
                            <label for="password" class="col-md-4 control-label">Password</label>

                            <div class="col-md-6">
                                <input id="password" type="password" class="form-control" name="password" required>

                                                            </div>
                        </div>

                        <div class="form-group">
                            <div class="col-md-6 col-md-offset-4">
                                <div class="checkbox">
                                    <label>
                                        <input type="checkbox" name="remember" > Remember Me
                                    </label>
                                </div>
                            </div>
                        </div>

                        <div class="form-group">
                            <div class="col-md-8 col-md-offset-4">
                                <button type="submit" class="btn btn-primary">
                                    Login
                                </button>

                                <a class="btn btn-link" href="http://localhost/password/reset">
                                    Forgot Your Password?
                                </a>
                                <a class="btn btn-warning" href="http://localhost/login/github">
                                    Github Login
                                </a>
                            </div>
                        </div>
                    </form>
                </div>
            </div>
        </div>
    </div>
</div>

        <footer>
            <div class="container">
                <div class="col-md-12">
                    <p>Copyright &copy; Matthew Daly 2018. Photo by Anete Lūsiņa on Unsplash</p>
                </div>
            </div>
        </footer>
    </div>

    <!-- Scripts -->
    <script src="http://localhost/js/app.js"></script>
</body>
</html>
